Getting build errors for neo-network...